// Jest Snapshot v1, https://goo.gl/fbAQLP

exports[`Calculator component should match the snapshot 1`] = `
<div
  className="Calculator"
>
  <Display />
  <div
    className="buttons-wrapper"
    key="0"
  >
    <KeyButton
      colour="dark-btn"
      key="0"
      onClick={[Function]}
      value="AC"
    />
    <KeyButton
      colour="dark-btn"
      key="1"
      onClick={[Function]}
      value="+/-"
    />
    <KeyButton
      colour="dark-btn"
      key="2"
      onClick={[Function]}
      value="%"
    />
    <KeyButton
      colour="orange-btn"
      key="3"
      onClick={[Function]}
      value="รท"
    />
  </div>
  <div
    className="buttons-wrapper"
    key="1"
  >
    <KeyButton
      colour="light-btn"
      key="0"
      onClick={[Function]}
      value="7"
    />
    <KeyButton
      colour="light-btn"
      key="1"
      onClick={[Function]}
      value="8"
    />
    <KeyButton
      colour="light-btn"
      key="2"
      onClick={[Function]}
      value="9"
    />
    <KeyButton
      colour="orange-btn"
      key="3"
      onClick={[Function]}
      value="x"
    />
  </div>
  <div
    className="buttons-wrapper"
    key="2"
  >
    <KeyButton
      colour="light-btn"
      key="0"
      onClick={[Function]}
      value="4"
    />
    <KeyButton
      colour="light-btn"
      key="1"
      onClick={[Function]}
      value="5"
    />
    <KeyButton
      colour="light-btn"
      key="2"
      onClick={[Function]}
      value="6"
    />
    <KeyButton
      colour="orange-btn"
      key="3"
      onClick={[Function]}
      value="-"
    />
  </div>
  <div
    className="buttons-wrapper"
    key="3"
  >
    <KeyButton
      colour="light-btn"
      key="0"
      onClick={[Function]}
      value="1"
    />
    <KeyButton
      colour="light-btn"
      key="1"
      onClick={[Function]}
      value="2"
    />
    <KeyButton
      colour="light-btn"
      key="2"
      onClick={[Function]}
      value="3"
    />
    <KeyButton
      colour="orange-btn"
      key="3"
      onClick={[Function]}
      value="+"
    />
  </div>
  <div
    className="buttons-wrapper"
    key="4"
  >
    <KeyButton
      colour="special-btn"
      key="0"
      onClick={[Function]}
      value="0"
    />
    <KeyButton
      colour="light-btn"
      key="1"
      onClick={[Function]}
      value="."
    />
    <KeyButton
      colour="orange-btn"
      key="2"
      onClick={[Function]}
      value="="
    />
  </div>
</div>
`;
