// Jest Snapshot v1, https://goo.gl/fbAQLP

exports[`App component should match the snapshot 1`] = `
<Provider
  store={
    Object {
      "dispatch": [Function],
      "getState": [Function],
      "replaceReducer": [Function],
      "subscribe": [Function],
      Symbol(observable): [Function],
    }
  }
>
  <div
    className="App"
  >
    <header
      className="App-header"
    >
      <img
        alt="logo"
        className="App-logo"
        src="logo.svg"
      />
    </header>
    <Connect(Calculator) />
  </div>
</Provider>
`;
